// Jest Snapshot v1, https://goo.gl/fbAQLP

exports[`Should MainScreen render correctly 1`] = `
Array [
  <section
    className="movie-card"
  >
    <div
      className="movie-card__bg"
    >
      <img
        alt="The Grand Budapest Hotel"
        src="img/the-grand-budapest-hotel-bg.jpg"
      />
    </div>
    <h1
      className="visually-hidden"
    >
      WTW
    </h1>
    <header
      className="page-header movie-card__head"
    >
      <div
        className="logo"
      >
        <a
          className="logo__link"
        >
          <span
            className="logo__letter logo__letter--1"
          >
            W
          </span>
          <span
            className="logo__letter logo__letter--2"
          >
            T
          </span>
          <span
            className="logo__letter logo__letter--3"
          >
            W
          </span>
        </a>
      </div>
      <div
        className="user-block"
      >
        <a
          className="user-block__link"
          href="/login"
          onClick={[Function]}
        >
          Sign in
        </a>
      </div>
    </header>
    PromoMovie
  </section>,
  <div
    className="page-content"
  >
    <section
      className="catalog"
    >
      <h2
        className="catalog__title visually-hidden"
      >
        Catalog
      </h2>
      GenresList
      <withFilmsListHandling
        films={
          Array [
            Object {
              "backgroundColor": "#ffffff",
              "backgroundImage": "img/the-grand-budapest-hotel-bg.jpg",
              "coverImg": "img/the-grand-budapest-hotel.jpg",
              "description": "In the 1930s, the Grand Budapest Hotel is a popular European ski resort, presided over by concierge Gustave H. (Ralph Fiennes). Zero, a junior lobby boy, becomes Gustave's friend and protege.",
              "director": "Wes Andreson",
              "duration": 99,
              "fullImg": "img/the-grand-budapest-hotel-poster.jpg",
              "genre": "Comedy",
              "id": 1,
              "isFavorite": false,
              "previewVideoLink": "https://some-link",
              "rating": 8.9,
              "releaseDate": 2014,
              "scoresCount": 240,
              "starring": Array [
                "Bill Murray",
                "Edward Norton",
                "Jude Law",
                "Willem Dafoe",
                "Saoirse Ronan",
              ],
              "title": "The Grand Budapest Hotel",
              "video": "https://some-link",
            },
            Object {
              "backgroundColor": "#ffffff",
              "backgroundImage": "img/the-grand-budapest-hotel-bg.jpg",
              "coverImg": "img/the-grand-budapest-hotel.jpg",
              "description": "In the 1930s, the Grand Budapest Hotel is a popular European ski resort, presided over by concierge Gustave H. (Ralph Fiennes). Zero, a junior lobby boy, becomes Gustave's friend and protege.",
              "director": "Wes Andreson",
              "duration": 99,
              "fullImg": "img/the-grand-budapest-hotel-poster.jpg",
              "genre": "Comedy",
              "id": 1,
              "isFavorite": false,
              "previewVideoLink": "https://some-link",
              "rating": 8.9,
              "releaseDate": 2014,
              "scoresCount": 240,
              "starring": Array [
                "Bill Murray",
                "Edward Norton",
                "Jude Law",
                "Willem Dafoe",
                "Saoirse Ronan",
              ],
              "title": "The Grand Budapest Hotel",
              "video": "https://some-link",
            },
            Object {
              "backgroundColor": "#ffffff",
              "backgroundImage": "img/the-grand-budapest-hotel-bg.jpg",
              "coverImg": "img/the-grand-budapest-hotel.jpg",
              "description": "In the 1930s, the Grand Budapest Hotel is a popular European ski resort, presided over by concierge Gustave H. (Ralph Fiennes). Zero, a junior lobby boy, becomes Gustave's friend and protege.",
              "director": "Wes Andreson",
              "duration": 99,
              "fullImg": "img/the-grand-budapest-hotel-poster.jpg",
              "genre": "Comedy",
              "id": 1,
              "isFavorite": false,
              "previewVideoLink": "https://some-link",
              "rating": 8.9,
              "releaseDate": 2014,
              "scoresCount": 240,
              "starring": Array [
                "Bill Murray",
                "Edward Norton",
                "Jude Law",
                "Willem Dafoe",
                "Saoirse Ronan",
              ],
              "title": "The Grand Budapest Hotel",
              "video": "https://some-link",
            },
          ]
        }
        history={Object {}}
      />
    </section>
    <footer
      className="page-footer"
    >
      <div
        className="logo"
      >
        <a
          className="logo__link logo__link--light"
        >
          <span
            className="logo__letter logo__letter--1"
          >
            W
          </span>
          <span
            className="logo__letter logo__letter--2"
          >
            T
          </span>
          <span
            className="logo__letter logo__letter--3"
          >
            W
          </span>
        </a>
      </div>
      <div
        className="copyright"
      >
        <p>
          Â© 2019 What to watch Ltd.
        </p>
      </div>
    </footer>
  </div>,
]
`;
